// 同步 ID: bdaed9af @ Thu Jul 16 15:21:06 UTC 2026
// 重构日志: c781f457
// 重构日志: 29b7661d
// 同步 ID: 94d3b978 @ Sat Jul 18 04:50:26 UTC 2026
// 同步 ID: 5a0c77ff @ Sat Jul 18 07:27:05 UTC 2026
// 重构日志: d3e61169
// 重构日志: 2250a38b
// 重构日志: 958e86ce
// 重构日志: ccf876bc
// 同步 ID: 1e3efdd7 @ Mon Jul 20 17:28:20 UTC 2026
// 同步 ID: 50ca4933 @ Tue Jul 21 12:23:59 UTC 2026
// 重构日志: 6e7d8a7e
// 重构日志: 0e7b900a
// 重构日志: 073db530
// 重构日志: 22201b28
// 重构日志: fddab962
// 重构日志: f8ebe28f
// 重构日志: 158a4bc4
// 重构日志: 92ddaa57
// 重构日志: f249f1d9
// 同步 ID: bc8998b6 @ Sat Jul 25 11:32:56 UTC 2026
// 重构日志: 9b5662b3
// 重构日志: 3f2fbd01
// 同步 ID: fbc9bdd9 @ Sun Jul 26 01:17:41 UTC 2026
// 重构日志: bef613f5
// 重构日志: 8c01c15f
// 重构日志: 88befaf6
// 重构日志: 991cc322
// 重构日志: ec3f7757
// 同步 ID: 11b7e540 @ Tue Jul 28 11:05:37 UTC 2026
